{"step": 1, "loss": 7.666106224060059, "lr": 0.0001, "gradient_norm": 3.9495668411254883, "seconds": 0.2577378700002555}
{"step": 20, "loss": 6.689437389373779, "lr": 0.0005853065930775303, "gradient_norm": 0.6847677826881409, "seconds": 5.117177904000982}
{"validation": {"step": 20, "weights": "raw", "bpb": 3.140815974308944, "token_ppl": 762.3545869652122, "nll_nats": 2499266.0416970253, "targets": 376599, "utf8_bytes": 1148007, "seconds": 20.090197826999884}}
{"validation": {"step": 20, "weights": "ema", "bpb": 3.2594865542809477, "token_ppl": 979.613120587089, "nll_nats": 2593696.709745884, "targets": 376599, "utf8_bytes": 1148007, "seconds": 19.544343410000238}}
{"step": 40, "loss": 6.525920867919922, "lr": 0.00010138719982009242, "gradient_norm": 0.5301127433776855, "seconds": 10.500932580001972}
{"validation": {"step": 40, "weights": "raw", "bpb": 3.080794793503688, "token_ppl": 671.5507292091409, "nll_nats": 2451504.9184105396, "targets": 376599, "utf8_bytes": 1148007, "seconds": 20.403954773999885}}
{"validation": {"step": 40, "weights": "ema", "bpb": 3.0965549122272953, "token_ppl": 694.2901980189245, "nll_nats": 2464045.8408527374, "targets": 376599, "utf8_bytes": 1148007, "seconds": 19.669805215999986}}
{
  "protocol": "7506-mp1-wt2-v2",
  "implementation": "student",
  "config": {
    "vocab": 2048,
    "context": 256,
    "depth": 10,
    "width": 176,
    "heads": 4,
    "hidden_width": 480,
    "dropout": 0.05,
    "local_mixing": true,
    "local_kernel": 3
  },
  "seed": 17,
  "recipe": {
    "steps": 40,
    "batch_size": 2,
    "grad_accum": 2,
    "lr": 0.001,
    "warmup": 10,
    "min_lr_ratio": 0.1,
    "betas": [
      0.9,
      0.95
    ],
    "weight_decay": 0.1,
    "ema": 0.9,
    "seed": 17,
    "eval_every": 20,
    "tf32": false,
    "precision": "fp32",
    "device_type": "cpu",
    "threads": 4
  },
  "updates": 40,
  "completed_budget": true,
  "parameters": 4144624,
  "precision": "fp32",
  "train_tokens": 40960,
  "processed_targets": 40960,
  "preparation_seconds": 8.00130000299987,
  "train_seconds": 10.500932580001972,
  "validation": {
    "bpb": 3.080794793503688,
    "token_ppl": 671.5507292091409,
    "nll_nats": 2451504.9184105396,
    "targets": 376599,
    "utf8_bytes": 1148007,
    "seconds": 20.403954773999885
  },
  "selected_step": 40,
  "selected_weights": "raw",
  "intermediate_validation_seconds": 79.70830122699999,
  "process_seconds": 98.41532125000003,
  "segment_process_seconds": 98.41532238399986,
  "torch_version": "2.7.1+cpu",
  "threads": 4,
  "ancestry": [],
  "parent_checkpoint": null,
  "checkpoint_sha256": "c2fb801f529637ed66748a0d06dfab0e566408ad395b31e533857ef8067ac223",
  "implementation_sha256": "0e4a2fba5131c6660f354558ba0f82e9a2724b7019f9899f684353e3677be453",
  "inference_asset_bytes": 16583841,
  "serialized_inference_asset_bytes": 16609758,
  "code_commit": "bf4e2e8cc50294a6265936a68e11d8207419b30a",
  "code_dirty": true,
  "cpu": "AMD Ryzen AI 9 H 465 w/ Radeon 880M",
  "platform": "Linux-6.18.33.2-microsoft-standard-WSL2-x86_64-with-glibc2.39",
  "python": "3.12.3",
  "cuda_version": null,
  "peak_cpu_ram_gib": 1.8420333862304688,
  "device": "cpu",
  "device_name": "CPU",
  "peak_allocated_gb": 0.0,
  "peak_reserved_gb": 0.0
}
