{"step": 1, "loss": 7.6436567306518555, "lr": 0.0001, "gradient_norm": 0.797279953956604, "seconds": 0.17471494699975665}
{"step": 20, "loss": 6.666045188903809, "lr": 0.0009801068566592484, "gradient_norm": 0.5229465961456299, "seconds": 3.4373201389985297}
{"step": 40, "loss": 6.378777503967285, "lr": 0.0009181673728412605, "gradient_norm": 0.3804042637348175, "seconds": 7.113586463997308}
{"step": 60, "loss": 6.1789703369140625, "lr": 0.0008201891013966478, "gradient_norm": 0.5938626527786255, "seconds": 10.725064296997061}
{"step": 80, "loss": 5.95198917388916, "lr": 0.0006957628381891673, "gradient_norm": 0.5904192328453064, "seconds": 14.349228131997279}
{"step": 100, "loss": 5.797137260437012, "lr": 0.0005570682927903193, "gradient_norm": 0.509334921836853, "seconds": 17.89649797099719}
{"validation": {"step": 100, "weights": "raw", "bpb": 2.748474901935835, "token_ppl": 332.7567138344575, "nll_nats": 2187065.4139092565, "targets": 376599, "utf8_bytes": 1148007, "seconds": 7.060115300999769}}
{"validation": {"step": 100, "weights": "ema", "bpb": 2.7756278004418746, "token_ppl": 352.4062269673903, "nll_nats": 2208672.00204587, "targets": 376599, "utf8_bytes": 1148007, "seconds": 6.7967053329998635}}
{"step": 120, "loss": 5.678326606750488, "lr": 0.0004176818536454633, "gradient_norm": 0.4907420873641968, "seconds": 21.727551859996765}
{"step": 140, "loss": 5.546751499176025, "lr": 0.0002912476365805247, "gradient_norm": 0.5169882774353027, "seconds": 25.81292313199674}
{"step": 160, "loss": 5.544856548309326, "lr": 0.00019014190368080925, "gradient_norm": 0.5458788871765137, "seconds": 29.337043449996145}
{"step": 180, "loss": 5.4813551902771, "lr": 0.00012426158852760463, "gradient_norm": 0.6211135983467102, "seconds": 32.83190467399618}
{"step": 200, "loss": 5.568857192993164, "lr": 0.00010005551538325275, "gradient_norm": 0.6069079637527466, "seconds": 36.546744626995405}
{"validation": {"step": 200, "weights": "raw", "bpb": 2.6094890457586297, "token_ppl": 248.0772965678879, "nll_nats": 2076469.1123553887, "targets": 376599, "utf8_bytes": 1148007, "seconds": 6.923695482999847}}
{"validation": {"step": 200, "weights": "ema", "bpb": 2.6127559734035697, "token_ppl": 249.7956685181612, "nll_nats": 2079068.7302223593, "targets": 376599, "utf8_bytes": 1148007, "seconds": 6.82152338800006}}
{
  "protocol": "7506-mp1-wt2-v2",
  "implementation": "student",
  "config": {
    "vocab": 2048,
    "context": 256,
    "depth": 4,
    "width": 128,
    "heads": 4,
    "hidden_width": 365,
    "dropout": 0.0,
    "local_mixing": true,
    "local_kernel": 3
  },
  "seed": 17,
  "recipe": {
    "steps": 200,
    "batch_size": 8,
    "grad_accum": 2,
    "lr": 0.001,
    "warmup": 10,
    "min_lr_ratio": 0.1,
    "betas": [
      0.9,
      0.95
    ],
    "weight_decay": 0.1,
    "ema": 0.9,
    "seed": 17,
    "eval_every": 100,
    "tf32": false,
    "precision": "fp32",
    "device_type": "cpu",
    "threads": 4
  },
  "updates": 200,
  "completed_budget": true,
  "parameters": 1088128,
  "precision": "fp32",
  "train_tokens": 819200,
  "processed_targets": 819200,
  "preparation_seconds": 7.7077803990000575,
  "train_seconds": 36.546744626995405,
  "validation": {
    "bpb": 2.6094890457586297,
    "token_ppl": 248.0772965678879,
    "nll_nats": 2076469.1123553887,
    "targets": 376599,
    "utf8_bytes": 1148007,
    "seconds": 6.923695482999847
  },
  "selected_step": 200,
  "selected_weights": "raw",
  "intermediate_validation_seconds": 27.60203950499954,
  "process_seconds": 71.93223752499989,
  "segment_process_seconds": 71.93223859,
  "torch_version": "2.7.1+cpu",
  "threads": 4,
  "ancestry": [],
  "parent_checkpoint": null,
  "checkpoint_sha256": "81010e8a5a51c73fbef292c21d5e2e1812e56238e10dcab5cceb85114130b4f2",
  "implementation_sha256": "0e4a2fba5131c6660f354558ba0f82e9a2724b7019f9899f684353e3677be453",
  "inference_asset_bytes": 4357855,
  "serialized_inference_asset_bytes": 4369164,
  "code_commit": "bf4e2e8cc50294a6265936a68e11d8207419b30a",
  "code_dirty": true,
  "cpu": "AMD Ryzen AI 9 H 465 w/ Radeon 880M",
  "platform": "Linux-6.18.33.2-microsoft-standard-WSL2-x86_64-with-glibc2.39",
  "python": "3.12.3",
  "cuda_version": null,
  "peak_cpu_ram_gib": 1.8422622680664062,
  "device": "cpu",
  "device_name": "CPU",
  "peak_allocated_gb": 0.0,
  "peak_reserved_gb": 0.0
}
