{"step": 1, "loss": 7.639113426208496, "lr": 0.0001, "gradient_norm": 3.4631614685058594, "seconds": 0.21004594200030624}
{"step": 20, "loss": 6.701167106628418, "lr": 0.0005853065930775303, "gradient_norm": 0.7134839296340942, "seconds": 4.441633249000006}
{"validation": {"step": 20, "weights": "raw", "bpb": 3.131568361091761, "token_ppl": 747.6029097433415, "nll_nats": 2491907.366158724, "targets": 376599, "utf8_bytes": 1148007, "seconds": 16.023124166999878}}
{"validation": {"step": 20, "weights": "ema", "bpb": 3.2604602018253654, "token_ppl": 981.630529844422, "nll_nats": 2594471.477915764, "targets": 376599, "utf8_bytes": 1148007, "seconds": 16.29287308899984}}
{"step": 40, "loss": 6.4963226318359375, "lr": 0.00010138719982009242, "gradient_norm": 0.5837647914886475, "seconds": 8.556051613000818}
{"validation": {"step": 40, "weights": "raw", "bpb": 3.0594390256079937, "token_ppl": 641.9213071761391, "nll_nats": 2434511.3263208866, "targets": 376599, "utf8_bytes": 1148007, "seconds": 16.480305630999737}}
{"validation": {"step": 40, "weights": "ema", "bpb": 3.0784988637748754, "token_ppl": 668.3007898921453, "nll_nats": 2449677.960304022, "targets": 376599, "utf8_bytes": 1148007, "seconds": 15.804549047000364}}
{
  "protocol": "7506-mp1-wt2-v2",
  "implementation": "student",
  "config": {
    "vocab": 2048,
    "context": 256,
    "depth": 8,
    "width": 176,
    "heads": 4,
    "hidden_width": 480,
    "dropout": 0.05,
    "local_mixing": true,
    "local_kernel": 3
  },
  "seed": 17,
  "recipe": {
    "steps": 40,
    "batch_size": 2,
    "grad_accum": 2,
    "lr": 0.001,
    "warmup": 10,
    "min_lr_ratio": 0.1,
    "betas": [
      0.9,
      0.95
    ],
    "weight_decay": 0.1,
    "ema": 0.9,
    "seed": 17,
    "eval_every": 20,
    "tf32": false,
    "precision": "fp32",
    "device_type": "cpu",
    "threads": 4
  },
  "updates": 40,
  "completed_budget": true,
  "parameters": 3387824,
  "precision": "fp32",
  "train_tokens": 40960,
  "processed_targets": 40960,
  "preparation_seconds": 7.987889257000006,
  "train_seconds": 8.556051613000818,
  "validation": {
    "bpb": 3.0594390256079937,
    "token_ppl": 641.9213071761391,
    "nll_nats": 2434511.3263208866,
    "targets": 376599,
    "utf8_bytes": 1148007,
    "seconds": 16.480305630999737
  },
  "selected_step": 40,
  "selected_weights": "raw",
  "intermediate_validation_seconds": 64.60085193399982,
  "process_seconds": 81.30752822400018,
  "segment_process_seconds": 81.3075289630001,
  "torch_version": "2.7.1+cpu",
  "threads": 4,
  "ancestry": [],
  "parent_checkpoint": null,
  "checkpoint_sha256": "41989ec17a90227a90a692e912f36f4ca536d85867ea6dd851024e311a64d643",
  "implementation_sha256": "0e4a2fba5131c6660f354558ba0f82e9a2724b7019f9899f684353e3677be453",
  "inference_asset_bytes": 13556640,
  "serialized_inference_asset_bytes": 13577709,
  "code_commit": "bf4e2e8cc50294a6265936a68e11d8207419b30a",
  "code_dirty": true,
  "cpu": "AMD Ryzen AI 9 H 465 w/ Radeon 880M",
  "platform": "Linux-6.18.33.2-microsoft-standard-WSL2-x86_64-with-glibc2.39",
  "python": "3.12.3",
  "cuda_version": null,
  "peak_cpu_ram_gib": 1.841644287109375,
  "device": "cpu",
  "device_name": "CPU",
  "peak_allocated_gb": 0.0,
  "peak_reserved_gb": 0.0
}
